// Jest Snapshot v1, https://goo.gl/fbAQLP

exports[`Pruebas en ProductTitle Debe mostrar el component con el nombre del producto  1`] = `
<div
  className="productCard undefined"
>
  <span
    className="productDesciption undefined"
  >
    Coffee Mug - Sin Imagen
  </span>
</div>
`;

exports[`Pruebas en ProductTitle Debe mostrar el componente correctactemente con el titulo personalizado 1`] = `
<span
  className="productDesciption custom-class"
>
  Custom Product
</span>
`;
